// Bun Snapshot v1, https://goo.gl/fbAQLP

exports[`read actions schema 1`] = `
{
  "targets": {
    "book_watch_target": {
      "name": "book_watch_target",
      "type": "webhook",
      "url": "%webhookUrl%/book/updated",
    },
  },
  "triggers": {
    "book_watch": {
      "entity": "Book",
      "name": "book_watch",
      "priority": 100,
      "selection": undefined,
      "target": "book_watch_target",
      "type": "watch",
      "watch": [
        "title",
        [
          "tags",
          {},
          [
            "name",
          ],
        ],
      ],
    },
  },
}
`;
